// Jest Snapshot v1, https://goo.gl/fbAQLP

exports[`DateInput matches wrappersnapshot: wrapper mount 1`] = `
.glamor-12,
[data-glamor-12] {
  display: -webkit-box;
  display: -moz-box;
  display: -ms-flexbox;
  display: -webkit-flex;
  display: flex;
  flex-direction: column;
  border-left: 4px solid #b10e1e;
  margin-right: 15px;
  padding-left: 10px;
  -webkit-box-orient: vertical;
  -webkit-box-direction: normal;
  -webkit-flex-direction: column;
}

.glamor-0,
[data-glamor-0] {
  font-family: "nta", Arial, sans-serif;
  -webkit-font-smoothing: antialiased;
  -moz-osx-font-smoothing: grayscale;
  display: block;
  clear: none;
  font-weight: 400;
  font-size: 16px;
  line-height: 1.25;
  color: #0b0c0c;
  padding-bottom: 2px;
}

.glamor-1,
[data-glamor-1] {
  display: block;
  font-family: "nta", Arial, sans-serif;
  -webkit-font-smoothing: antialiased;
  -moz-osx-font-smoothing: grayscale;
  font-weight: 700;
  text-transform: none;
  font-size: 16px;
  line-height: 20px;
  color: #b10e1e;
  padding-top: 4px;
  padding-bottom: 2px;
}

.glamor-11,
[data-glamor-11] {
  font-family: "nta", Arial, sans-serif;
  display: -webkit-box;
  display: -moz-box;
  display: -ms-flexbox;
  display: -webkit-flex;
  display: flex;
}

.glamor-11> label,
[data-glamor-11]> label {
  width: 50px;
  margin-right: 20px;
  margin-bottom: 0;
}

.glamor-11> label.year,
[data-glamor-11]> label.year {
  width: 70px;
}

.glamor-4,
[data-glamor-4] {
  display: -webkit-box;
  display: -moz-box;
  display: -ms-flexbox;
  display: -webkit-flex;
  display: flex;
  flex-direction: column;
  box-sizing: border-box;
  width: 100%;
  border-left: ;
  margin-right: 0;
  padding-left: 0;
  -webkit-box-orient: vertical;
  -webkit-box-direction: normal;
  -webkit-flex-direction: column;
}

.glamor-4:after,
[data-glamor-4]:after {
  content: '';
  display: table;
  clear: both;
}

.glamor-3,
[data-glamor-3] {
  box-sizing: border-box;
  font-family: "nta", Arial, sans-serif;
  -webkit-font-smoothing: antialiased;
  -moz-osx-font-smoothing: grayscale;
  font-weight: 400;
  text-transform: none;
  font-size: 16px;
  line-height: 20px;
  width: 100%;
  padding: 5px 4px 4px;
  border: 4px solid #b10e1e;
}

.glamor-3:focus,
[data-glamor-3]:focus {
  outline: 3px solid #ffbf47;
  outline-offset: 0;
}

@media only screen and (min-width: 641px) {
  .glamor-0,
  [data-glamor-0] {
    font-size: 19px;
    line-height: 1.31579;
  }
}

@media only screen and (min-width: 641px) {
  .glamor-1,
  [data-glamor-1] {
    font-size: 19px;
    line-height: 25px;
  }
}

@media only screen and (min-width: 641px) {
  .glamor-4,
  [data-glamor-4] {
    max-width: 960px;
  }
}

@media only screen and (min-width: 641px) {
  .glamor-3,
  [data-glamor-3] {
    font-size: 19px;
    line-height: 25px;
  }
}

<DateInput
  errorText="example"
  hintText={null}
>
  <glamorous(div)
    errorText="example"
  >
    <div
      className="glamor-12"
    >
      <glamorous(span)
        errorText="example"
      >
        <span
          className="glamor-0"
        >
          example
        </span>
      </glamorous(span)>
      <span />
      <glamorous(span)
        errorText="example"
      >
        <span
          className="glamor-1"
        >
          example
        </span>
      </glamorous(span)>
      <glamorous(div)>
        <div
          className="glamor-11"
        >
          <glamorous(label)>
            <label
              className="glamor-4"
            >
              <glamorous(span)>
                <span
                  className="glamor-0"
                >
                  Day
                </span>
              </glamorous(span)>
              <glamorous(input)
                errorText="example"
                type="text"
              >
                <input
                  className="glamor-3"
                  type="text"
                />
              </glamorous(input)>
            </label>
          </glamorous(label)>
          <glamorous(label)>
            <label
              className="glamor-4"
            >
              <glamorous(span)>
                <span
                  className="glamor-0"
                >
                  Month
                </span>
              </glamorous(span)>
              <glamorous(input)
                errorText="example"
                type="text"
              >
                <input
                  className="glamor-3"
                  type="text"
                />
              </glamorous(input)>
            </label>
          </glamorous(label)>
          <glamorous(label)
            className="year"
          >
            <label
              className="glamor-4 year"
            >
              <glamorous(span)>
                <span
                  className="glamor-0"
                >
                  Year
                </span>
              </glamorous(span)>
              <glamorous(input)
                errorText="example"
                type="text"
              >
                <input
                  className="glamor-3"
                  type="text"
                />
              </glamorous(input)>
            </label>
          </glamorous(label)>
        </div>
      </glamorous(div)>
    </div>
  </glamorous(div)>
</DateInput>
`;
