// Jest Snapshot v1, https://goo.gl/fbAQLP

exports[`PhaseBanner matches wrapper snapshot: wrapper mount 1`] = `
.emotion-3 {
  margin-bottom: 0;
}

@media only screen and (min-width:641px) {
  .emotion-3 {
    margin-bottom: 0;
  }
}

.emotion-8 {
  border-bottom: 1px solid #bfc1c3;
  box-sizing: border-box;
  padding-top: 10px;
  padding-bottom: 10px;
  font-family: "nta",Arial,sans-serif;
  font-weight: 400;
  text-transform: none;
  font-size: 14px;
  line-height: 1.1428571429;
  margin-bottom: 0;
}

@media only screen and (min-width:641px) {
  .emotion-8 {
    font-size: 16px;
    line-height: 1.25;
  }
}

.emotion-8 > a {
  color: #005ea5;
}

@media only screen and (min-width:641px) {
  .emotion-8 {
    margin-bottom: 0;
  }
}

.emotion-1 {
  display: inline-block;
  margin: 0 8px 0 0;
  padding: 2px 5px;
  font-family: "nta",Arial,sans-serif;
  font-weight: 700;
  font-size: 14px;
  line-height: 1.1428571429;
  text-transform: uppercase;
  -webkit-letter-spacing: 1px;
  -moz-letter-spacing: 1px;
  -ms-letter-spacing: 1px;
  letter-spacing: 1px;
  -webkit-text-decoration: none;
  text-decoration: none;
  color: #ffffff;
  background-color: #005ea5;
  -webkit-font-mmoothing: antialiased;
  -moz-osx-font-smoothing: grayscale;
  margin-bottom: 0;
}

@media only screen and (min-width:641px) {
  .emotion-1 {
    font-size: 16px;
    line-height: 1.25;
    padding-bottom: 0;
  }
}

@media only screen and (min-width:641px) {
  .emotion-1 {
    margin-bottom: 0;
  }
}

<StyledHoc
  level="beta"
>
  <PhaseBanner
    className="emotion-3 emotion-0"
    level="beta"
  >
    <StyledBanner
      className="emotion-3 emotion-0"
    >
      <div
        className="emotion-0 emotion-8 emotion-9"
      >
        <StyledHoc>
          <PhaseBadge
            className="emotion-3 emotion-0"
          >
            <StyledBadge
              className="emotion-3 emotion-0"
            >
              <strong
                className="emotion-0 emotion-1 emotion-2"
              >
                beta
              </strong>
            </StyledBadge>
          </PhaseBadge>
        </StyledHoc>
        example
      </div>
    </StyledBanner>
  </PhaseBanner>
</StyledHoc>
`;
