// Jest Snapshot v1, https://goo.gl/fbAQLP

exports[`Anchor matches wrapper snapshot: wrapper mount 1`] = `
.glamor-0,
[data-glamor-0] {
  color: #005ea5;
  padding: 3px;
  margin: -3px;
  outline-color: transparent;
  display: inline-block;
  text-decoration: underline;
}

.glamor-0:focus,
[data-glamor-0]:focus {
  background-color: #ffbf47;
  outline: 3px solid #ffbf47;
}

.glamor-0:visited,
[data-glamor-0]:visited {
  color: #2e358b;
}

<Anchor
  hyperLink="https://example.com"
>
  <glamorous(a)
    href="https://example.com"
  >
    <a
      className="glamor-0"
      href="https://example.com"
    >
      example
    </a>
  </glamorous(a)>
</Anchor>
`;
