// Jest Snapshot v1, https://goo.gl/fbAQLP

exports[`Heading matches wrapper snapshot: wrapper mount 1`] = `
.c0 {
  color: #0b0c0c;
  font-family: "nta",Arial,sans-serif;
  -webkit-font-smoothing: antialiased;
  -moz-osx-font-smoothing: grayscale;
  font-weight: 700;
  font-size: 32px;
  line-height: 1.09375;
  display: block;
  margin-top: 0;
  margin-bottom: 30px;
}

@media print {
  .c0 {
    color: #000;
  }
}

@media print {
  .c0 {
    font-size: 32px;
    line-height: 1.15;
  }
}

@media only screen and (min-width:641px) {
  .c0 {
    font-size: 48px;
    line-height: 1.0416666666666667;
  }
}

@media only screen and (min-width:641px) {
  .c0 {
    margin-bottom: 50px;
  }
}

<Heading
  size="XLARGE"
>
  <styled.h1
    size="XLARGE"
  >
    <StyledComponent
      forwardedComponent={
        Object {
          "$$typeof": Symbol(react.forward_ref),
          "attrs": Array [],
          "componentStyle": ComponentStyle {
            "componentId": "sc-bdVaJa",
            "isStatic": false,
            "lastClassName": "c0",
            "rules": Array [
              "color: #0b0c0c; @media print {
  color: #000;
}",
              [Function],
              "display: block; margin-top: 0;",
              [Function],
              [Function],
            ],
          },
          "displayName": "styled.h1",
          "foldedComponentIds": Array [],
          "render": [Function],
          "styledComponentId": "sc-bdVaJa",
          "target": "h1",
          "toString": [Function],
          "warnTooManyClasses": [Function],
          "withComponent": [Function],
        }
      }
      forwardedRef={null}
      size="XLARGE"
    >
      <h1
        className="c0"
        size="XLARGE"
      >
        example
      </h1>
    </StyledComponent>
  </styled.h1>
</Heading>
`;
