// Jest Snapshot v1, https://goo.gl/fbAQLP

exports[`ThemedComponent matches wrapper snapshot: wrapper mount 1`] = `
.glamor-2,
[data-glamor-2] {
  margin-bottom: 0;
}

.glamor-22,
[data-glamor-22] {
  border-top: 10px solid #005ea5;
  padding-top: 5px;
  width: 100%;
  margin-bottom: 0;
}

.glamor-22> h3,
[data-glamor-22]> h3 {
  margin-bottom: 10px;
}

.glamor-22> ul,
[data-glamor-22]> ul {
  margin-bottom: 20px;
}

.glamor-22> ul> li,
[data-glamor-22]> ul> li {
  margin-bottom: calc(10px + 2px);
}

.glamor-0,
[data-glamor-0] {
  font-family: "nta", Arial, sans-serif;
  font-weight: bold;
  margin: 0;
  font-size: 18px;
  line-height: 1.2;
  margin-bottom: 0;
}

.glamor-19,
[data-glamor-19] {
  margin: 0;
  padding: 0;
  padding-left: 0;
  font-family: "nta", Arial, sans-serif;
  font-weight: 400;
  text-transform: none;
  font-size: 14px;
  line-height: 1.1428571429;
  list-style-type: none;
  margin-left: 0;
  margin-bottom: 0;
}

.glamor-6,
[data-glamor-6] {
  font-family: "nta", Arial, sans-serif;
  font-weight: 400;
  text-transform: none;
  font-size: 14px;
  line-height: 1.1428571429;
  width: 100%;
  margin-bottom: 0;
}

.glamor-4,
[data-glamor-4] {
  color: #005ea5;
  padding: 3px;
  margin: -3px;
  outline-color: transparent;
  display: inline-block;
  text-decoration: underline;
}

.glamor-4:focus,
[data-glamor-4]:focus {
  background-color: #ffbf47;
  outline: 3px solid #ffbf47;
}

.glamor-4:visited,
[data-glamor-4]:visited {
  color: #2e358b;
}

@media only screen and (min-width: 641px) {
  .glamor-2,
  [data-glamor-2] {
    margin-bottom: 0;
  }
}

@media only screen and (min-width: 641px) {
  .glamor-22,
  [data-glamor-22] {
    font-size: 16px;
    line-height: 1.25;
    margin-bottom: 0;
  }
}

@media only screen and (min-width: 641px) {
  .glamor-0,
  [data-glamor-0] {
    font-size: 24px;
    line-height: 1.25;
    margin-bottom: 0;
  }
}

@media print {
  .glamor-0,
  [data-glamor-0] {
    font-size: 16px;
  }
}

@media only screen and (min-width: 641px) {
  .glamor-19,
  [data-glamor-19] {
    font-size: 16px;
    line-height: 1.25;
    margin-bottom: 0;
  }
}

@media only screen and (min-width: 641px) {
  .glamor-6,
  [data-glamor-6] {
    font-size: 16px;
    line-height: 1.25;
    margin-bottom: 0;
  }
}

<glamorous(RelatedItems)>
  <RelatedItems
    className="glamor-2"
  >
    <glamorous(div)
      className="glamor-2"
    >
      <div
        className="glamor-22"
      >
        <glamorous(Header)
          level={3}
        >
          <Header
            className="glamor-2"
            level={3}
          >
            <glamorous(unknown)
              className="glamor-2"
              level={3}
            >
              <Component
                className="glamor-0"
                level={3}
              >
                <h3
                  className="glamor-0"
                >
                  Travel abroad
                </h3>
              </Component>
            </glamorous(unknown)>
          </Header>
        </glamorous(Header)>
        <glamorous(UnorderedList)
          listStyleType="none"
        >
          <UnorderedList
            className="glamor-2"
            listStyleType="none"
          >
            <glamorous(ul)
              className="glamor-2"
              listStyleType="none"
            >
              <ul
                className="glamor-19"
              >
                <glamorous(ListItem)>
                  <ListItem
                    className="glamor-2"
                  >
                    <glamorous(li)
                      className="glamor-2"
                    >
                      <li
                        className="glamor-6"
                      >
                        <glamorous(Anchor)
                          href="https://example.com"
                        >
                          <Anchor
                            className="glamor-4"
                            href="https://example.com"
                          >
                            <a
                              className="glamor-4"
                              href="https://example.com"
                            >
                              Link A
                            </a>
                          </Anchor>
                        </glamorous(Anchor)>
                      </li>
                    </glamorous(li)>
                  </ListItem>
                </glamorous(ListItem)>
                <glamorous(ListItem)>
                  <ListItem
                    className="glamor-2"
                  >
                    <glamorous(li)
                      className="glamor-2"
                    >
                      <li
                        className="glamor-6"
                      >
                        <glamorous(Anchor)
                          href="https://example.com"
                        >
                          <Anchor
                            className="glamor-4"
                            href="https://example.com"
                          >
                            <a
                              className="glamor-4"
                              href="https://example.com"
                            >
                              Link B
                            </a>
                          </Anchor>
                        </glamorous(Anchor)>
                      </li>
                    </glamorous(li)>
                  </ListItem>
                </glamorous(ListItem)>
                <glamorous(ListItem)>
                  <ListItem
                    className="glamor-2"
                  >
                    <glamorous(li)
                      className="glamor-2"
                    >
                      <li
                        className="glamor-6"
                      >
                        <glamorous(Anchor)
                          href="https://example.com"
                        >
                          <Anchor
                            className="glamor-4"
                            href="https://example.com"
                          >
                            <a
                              className="glamor-4"
                              href="https://example.com"
                            >
                              <strong>
                                more
                              </strong>
                            </a>
                          </Anchor>
                        </glamorous(Anchor)>
                      </li>
                    </glamorous(li)>
                  </ListItem>
                </glamorous(ListItem)>
              </ul>
            </glamorous(ul)>
          </UnorderedList>
        </glamorous(UnorderedList)>
      </div>
    </glamorous(div)>
  </RelatedItems>
</glamorous(RelatedItems)>
`;
