// Jest Snapshot v1, https://goo.gl/fbAQLP

exports[`Styled matches wrapper snapshot: wrapper mount 1`] = `
.emotion-7 {
  margin-bottom: 0;
}

@media only screen and (min-width:641px) {
  .emotion-7 {
    margin-bottom: 0;
  }
}

.emotion-22 {
  border-top: 10px solid #005ea5;
  padding-top: 5px;
  width: 100%;
  margin-bottom: 0;
}

@media only screen and (min-width:641px) {
  .emotion-22 {
    font-size: 16px;
    line-height: 1.25;
  }
}

.emotion-22 > h3 {
  margin-bottom: 10px;
}

.emotion-22 > ul {
  margin-bottom: 20px;
}

.emotion-22 > ul > li {
  margin-bottom: calc(10px + 2px);
}

@media only screen and (min-width:641px) {
  .emotion-22 {
    margin-bottom: 0;
  }
}

.emotion-0 {
  font-family: "nta",Arial,sans-serif;
  font-weight: bold;
  margin: 0;
  font-size: 18px;
  line-height: 1.2;
  margin-bottom: 15px;
}

@media only screen and (min-width:641px) {
  .emotion-0 {
    font-size: 24px;
    line-height: 1.25;
    margin-bottom: 20px;
  }
}

@media print {
  .emotion-0 {
    font-size: 16px;
  }
}

.emotion-19 {
  margin: 0;
  padding: 0;
  padding-left: 20px;
  font-family: "nta",Arial,sans-serif;
  font-weight: 400;
  text-transform: none;
  font-size: 14px;
  line-height: 1.1428571429;
  list-style-type: none;
  margin-left: 0;
  padding-left: 0;
  margin-bottom: 0;
}

@media only screen and (min-width:641px) {
  .emotion-19 {
    font-size: 16px;
    line-height: 1.25;
  }
}

@media only screen and (min-width:641px) {
  .emotion-19 {
    margin-bottom: 0;
  }
}

.emotion-6 {
  font-family: "nta",Arial,sans-serif;
  font-weight: 400;
  text-transform: none;
  font-size: 14px;
  line-height: 1.1428571429;
  width: 100%;
  margin-bottom: 0;
}

@media only screen and (min-width:641px) {
  .emotion-6 {
    font-size: 16px;
    line-height: 1.25;
    margin-bottom: 5px;
  }
}

@media only screen and (min-width:641px) {
  .emotion-6 {
    margin-bottom: 0;
  }
}

.emotion-4 {
  color: #005ea5;
  padding: 3px;
  margin: -3px;
  outline-color: transparent;
  display: inline-block;
  -webkit-text-decoration: underline;
  text-decoration: underline;
}

.emotion-4:focus {
  background-color: #ffbf47;
  outline: 3px solid #ffbf47;
}

.emotion-4:visited {
  color: #2e358b;
}

<Styled(RelatedItems)>
  <RelatedItems
    className="emotion-7"
  >
    <Styled(div)
      className="emotion-7"
    >
      <div
        className="emotion-22"
      >
        <Styled(Header)
          level={3}
        >
          <Header
            className="emotion-2"
            level={3}
          >
            <Styled(Component)
              className="emotion-2"
              level={3}
            >
              <Component
                className="emotion-0"
                level={3}
              >
                <h3
                  className="emotion-0"
                >
                  Travel abroad
                </h3>
              </Component>
            </Styled(Component)>
          </Header>
        </Styled(Header)>
        <Styled(UnorderedList)
          listStyleType="none"
        >
          <UnorderedList
            className="emotion-7"
            listStyleType="none"
          >
            <Styled(ul)
              className="emotion-7"
              listStyleType="none"
            >
              <ul
                className="emotion-19"
              >
                <Styled(ListItem)>
                  <ListItem
                    className="emotion-7"
                  >
                    <Styled(li)
                      className="emotion-7"
                    >
                      <li
                        className="emotion-6"
                      >
                        <Styled(Anchor)
                          href="https://example.com"
                        >
                          <Anchor
                            className="emotion-4"
                            href="https://example.com"
                          >
                            <a
                              className="emotion-4"
                              href="https://example.com"
                            >
                              Link A
                            </a>
                          </Anchor>
                        </Styled(Anchor)>
                      </li>
                    </Styled(li)>
                  </ListItem>
                </Styled(ListItem)>
                <Styled(ListItem)>
                  <ListItem
                    className="emotion-7"
                  >
                    <Styled(li)
                      className="emotion-7"
                    >
                      <li
                        className="emotion-6"
                      >
                        <Styled(Anchor)
                          href="https://example.com"
                        >
                          <Anchor
                            className="emotion-4"
                            href="https://example.com"
                          >
                            <a
                              className="emotion-4"
                              href="https://example.com"
                            >
                              Link B
                            </a>
                          </Anchor>
                        </Styled(Anchor)>
                      </li>
                    </Styled(li)>
                  </ListItem>
                </Styled(ListItem)>
                <Styled(ListItem)>
                  <ListItem
                    className="emotion-7"
                  >
                    <Styled(li)
                      className="emotion-7"
                    >
                      <li
                        className="emotion-6"
                      >
                        <Styled(Anchor)
                          href="https://example.com"
                        >
                          <Anchor
                            className="emotion-4"
                            href="https://example.com"
                          >
                            <a
                              className="emotion-4"
                              href="https://example.com"
                            >
                              <strong>
                                more
                              </strong>
                            </a>
                          </Anchor>
                        </Styled(Anchor)>
                      </li>
                    </Styled(li)>
                  </ListItem>
                </Styled(ListItem)>
              </ul>
            </Styled(ul)>
          </UnorderedList>
        </Styled(UnorderedList)>
      </div>
    </Styled(div)>
  </RelatedItems>
</Styled(RelatedItems)>
`;
