// Jest Snapshot v1, https://goo.gl/fbAQLP

exports[`OrderedList matches wrapper snapshot: wrapper mount 1`] = `
.c4 {
  font-family: "nta",Arial,sans-serif;
  -webkit-font-smoothing: antialiased;
  -moz-osx-font-smoothing: grayscale;
}

.c4:link {
  color: #005ea5;
}

.c4:visited {
  color: #4c2c92;
}

.c4:hover {
  color: #2b8cc4;
}

.c4:active {
  color: #2b8cc4;
}

.c4:focus {
  color: #0b0c0c;
}

.c4:focus {
  outline: 3px solid #ffbf47;
  outline-offset: 0;
  background-color: #ffbf47;
}

.c3 {
  font-family: "nta",Arial,sans-serif;
  -webkit-font-smoothing: antialiased;
  -moz-osx-font-smoothing: grayscale;
  font-weight: 400;
  font-size: 16px;
  line-height: 1.25;
  margin-bottom: 5px;
}

.c1 {
  font-family: "nta",Arial,sans-serif;
  -webkit-font-smoothing: antialiased;
  -moz-osx-font-smoothing: grayscale;
  font-weight: 400;
  font-size: 16px;
  line-height: 1.25;
  color: #0b0c0c;
  margin-top: 0;
  margin-bottom: 15px;
  padding-left: 20px;
}

.c1 .c0 {
  margin-top: 10px;
}

.c1 > .c2 {
  margin-bottom: 5px;
}

.c5 .c0 {
  margin-top: 10px;
}

.c5 > .c2 {
  margin-bottom: 0;
}

.c6 .c0 {
  margin-top: 10px;
}

.c6 > .c2 {
  margin-bottom: 5px;
}

@media print {
  .c4 {
    font-family: sans-serif;
  }
}

@media print {
  .c4[href^="/"]::after,
  .c4[href^="http://"]::after,
  .c4[href^="https://"]::after {
    content: " (" attr(href) ")";
    font-size: 90%;
    word-wrap: break-word;
  }
}

@media print {
  .c3 {
    font-size: 14px;
    line-height: 1.15;
  }
}

@media only screen and (min-width:641px) {
  .c3 {
    font-size: 19px;
    line-height: 1.3157894736842106;
  }
}

@media print {
  .c1 {
    font-size: 14px;
    line-height: 1.15;
  }
}

@media only screen and (min-width:641px) {
  .c1 {
    font-size: 19px;
    line-height: 1.3157894736842106;
  }
}

@media print {
  .c1 {
    color: #000;
  }
}

@media only screen and (min-width:641px) {
  .c1 {
    margin-bottom: 20px;
  }
}

@media only screen and (min-width:641px) {
  .c5 > .c2 {
    margin-bottom: 5px;
  }
}

<DocumentedComponent>
  <styled.ol>
    <StyledComponent
      forwardedComponent={
        Object {
          "$$typeof": Symbol(react.forward_ref),
          "attrs": Array [],
          "componentStyle": ComponentStyle {
            "componentId": "c0",
            "isStatic": false,
            "lastClassName": "c1",
            "rules": Array [
              "font-family: \\"nta\\", Arial, sans-serif; -webkit-font-smoothing: antialiased; -moz-osx-font-smoothing: grayscale; @media print {
  font-size: 14px; line-height: 1.15;
} font-weight: 400; font-size: 16px; line-height: 1.25; @media only screen and (min-width: 641px) {
  font-size: 19px; line-height: 1.3157894736842106;
}",
              "color: #0b0c0c; @media print {
  color: #000;
}",
              "margin-top: 0; & & {
  margin-top: 10px;
}",
              [Function],
              [Function],
            ],
          },
          "defaultProps": Object {
            "listStyleType": undefined,
          },
          "displayName": "styled.ol",
          "foldedComponentIds": Array [],
          "propTypes": undefined,
          "render": [Function],
          "styledComponentId": "c0",
          "target": "ol",
          "toString": [Function],
          "warnTooManyClasses": [Function],
          "withComponent": [Function],
        }
      }
      forwardedRef={null}
    >
      <ol
        className="c0 c1"
      >
        <styled.li>
          <StyledComponent
            forwardedComponent={
              Object {
                "$$typeof": Symbol(react.forward_ref),
                "attrs": Array [],
                "componentStyle": ComponentStyle {
                  "componentId": "c2",
                  "isStatic": false,
                  "lastClassName": "c3",
                  "rules": Array [
                    "font-family: \\"nta\\", Arial, sans-serif; -webkit-font-smoothing: antialiased; -moz-osx-font-smoothing: grayscale; @media print {
  font-size: 14px; line-height: 1.15;
} font-weight: 400; font-size: 16px; line-height: 1.25; @media only screen and (min-width: 641px) {
  font-size: 19px; line-height: 1.3157894736842106;
}",
                    "margin-bottom: 5px;",
                    [Function],
                  ],
                },
                "displayName": "styled.li",
                "foldedComponentIds": Array [],
                "propTypes": undefined,
                "render": [Function],
                "styledComponentId": "c2",
                "target": "li",
                "toString": [Function],
                "warnTooManyClasses": [Function],
                "withComponent": [Function],
              }
            }
            forwardedRef={null}
          >
            <li
              className="c2 c3"
            >
              <styled.a
                href="http://example.com"
                muted={false}
                noVisitedState={false}
                textColour={false}
              >
                <StyledComponent
                  forwardedComponent={
                    Object {
                      "$$typeof": Symbol(react.forward_ref),
                      "attrs": Array [],
                      "componentStyle": ComponentStyle {
                        "componentId": "sc-bdVaJa",
                        "isStatic": false,
                        "lastClassName": "c4",
                        "rules": Array [
                          "font-family: \\"nta\\", Arial, sans-serif; -webkit-font-smoothing: antialiased; -moz-osx-font-smoothing: grayscale; @media print {
  font-family: sans-serif;
}",
                          ":link {
  color: #005ea5;
} :visited {
  color: #4c2c92;
} :hover {
  color: #2b8cc4;
} :active {
  color: #2b8cc4;
} :focus {
  color: #0b0c0c;
}",
                          "&:focus {
  outline: 3px solid #ffbf47; outline-offset: 0; background-color: #ffbf47;
}",
                          "@media print {
  &[href^=\\"/\\"], &[href^=\\"http://\\"], &[href^=\\"https://\\"] {
  &::after {
  content: \\" (\\" attr(href) \\")\\"; font-size: 90%; word-wrap: break-word;
}
}
}",
                          [Function],
                          [Function],
                          [Function],
                        ],
                      },
                      "defaultProps": Object {
                        "muted": false,
                        "noVisitedState": false,
                        "textColour": false,
                      },
                      "displayName": "styled.a",
                      "foldedComponentIds": Array [],
                      "propTypes": undefined,
                      "render": [Function],
                      "styledComponentId": "sc-bdVaJa",
                      "target": "a",
                      "toString": [Function],
                      "warnTooManyClasses": [Function],
                      "withComponent": [Function],
                    }
                  }
                  forwardedRef={null}
                  href="http://example.com"
                  muted={false}
                  noVisitedState={false}
                  textColour={false}
                >
                  <a
                    className="c4"
                    href="http://example.com"
                    muted={false}
                  >
                    Example 1
                  </a>
                </StyledComponent>
              </styled.a>
            </li>
          </StyledComponent>
        </styled.li>
        <styled.li>
          <StyledComponent
            forwardedComponent={
              Object {
                "$$typeof": Symbol(react.forward_ref),
                "attrs": Array [],
                "componentStyle": ComponentStyle {
                  "componentId": "c2",
                  "isStatic": false,
                  "lastClassName": "c3",
                  "rules": Array [
                    "font-family: \\"nta\\", Arial, sans-serif; -webkit-font-smoothing: antialiased; -moz-osx-font-smoothing: grayscale; @media print {
  font-size: 14px; line-height: 1.15;
} font-weight: 400; font-size: 16px; line-height: 1.25; @media only screen and (min-width: 641px) {
  font-size: 19px; line-height: 1.3157894736842106;
}",
                    "margin-bottom: 5px;",
                    [Function],
                  ],
                },
                "displayName": "styled.li",
                "foldedComponentIds": Array [],
                "propTypes": undefined,
                "render": [Function],
                "styledComponentId": "c2",
                "target": "li",
                "toString": [Function],
                "warnTooManyClasses": [Function],
                "withComponent": [Function],
              }
            }
            forwardedRef={null}
          >
            <li
              className="c2 c3"
            >
              <styled.a
                href="http://example.com"
                muted={false}
                noVisitedState={false}
                textColour={false}
              >
                <StyledComponent
                  forwardedComponent={
                    Object {
                      "$$typeof": Symbol(react.forward_ref),
                      "attrs": Array [],
                      "componentStyle": ComponentStyle {
                        "componentId": "sc-bdVaJa",
                        "isStatic": false,
                        "lastClassName": "c4",
                        "rules": Array [
                          "font-family: \\"nta\\", Arial, sans-serif; -webkit-font-smoothing: antialiased; -moz-osx-font-smoothing: grayscale; @media print {
  font-family: sans-serif;
}",
                          ":link {
  color: #005ea5;
} :visited {
  color: #4c2c92;
} :hover {
  color: #2b8cc4;
} :active {
  color: #2b8cc4;
} :focus {
  color: #0b0c0c;
}",
                          "&:focus {
  outline: 3px solid #ffbf47; outline-offset: 0; background-color: #ffbf47;
}",
                          "@media print {
  &[href^=\\"/\\"], &[href^=\\"http://\\"], &[href^=\\"https://\\"] {
  &::after {
  content: \\" (\\" attr(href) \\")\\"; font-size: 90%; word-wrap: break-word;
}
}
}",
                          [Function],
                          [Function],
                          [Function],
                        ],
                      },
                      "defaultProps": Object {
                        "muted": false,
                        "noVisitedState": false,
                        "textColour": false,
                      },
                      "displayName": "styled.a",
                      "foldedComponentIds": Array [],
                      "propTypes": undefined,
                      "render": [Function],
                      "styledComponentId": "sc-bdVaJa",
                      "target": "a",
                      "toString": [Function],
                      "warnTooManyClasses": [Function],
                      "withComponent": [Function],
                    }
                  }
                  forwardedRef={null}
                  href="http://example.com"
                  muted={false}
                  noVisitedState={false}
                  textColour={false}
                >
                  <a
                    className="c4"
                    href="http://example.com"
                    muted={false}
                  >
                    Example 2
                  </a>
                </StyledComponent>
              </styled.a>
            </li>
          </StyledComponent>
        </styled.li>
        <styled.li>
          <StyledComponent
            forwardedComponent={
              Object {
                "$$typeof": Symbol(react.forward_ref),
                "attrs": Array [],
                "componentStyle": ComponentStyle {
                  "componentId": "c2",
                  "isStatic": false,
                  "lastClassName": "c3",
                  "rules": Array [
                    "font-family: \\"nta\\", Arial, sans-serif; -webkit-font-smoothing: antialiased; -moz-osx-font-smoothing: grayscale; @media print {
  font-size: 14px; line-height: 1.15;
} font-weight: 400; font-size: 16px; line-height: 1.25; @media only screen and (min-width: 641px) {
  font-size: 19px; line-height: 1.3157894736842106;
}",
                    "margin-bottom: 5px;",
                    [Function],
                  ],
                },
                "displayName": "styled.li",
                "foldedComponentIds": Array [],
                "propTypes": undefined,
                "render": [Function],
                "styledComponentId": "c2",
                "target": "li",
                "toString": [Function],
                "warnTooManyClasses": [Function],
                "withComponent": [Function],
              }
            }
            forwardedRef={null}
          >
            <li
              className="c2 c3"
            >
              <styled.a
                href="http://example.com"
                muted={false}
                noVisitedState={false}
                textColour={false}
              >
                <StyledComponent
                  forwardedComponent={
                    Object {
                      "$$typeof": Symbol(react.forward_ref),
                      "attrs": Array [],
                      "componentStyle": ComponentStyle {
                        "componentId": "sc-bdVaJa",
                        "isStatic": false,
                        "lastClassName": "c4",
                        "rules": Array [
                          "font-family: \\"nta\\", Arial, sans-serif; -webkit-font-smoothing: antialiased; -moz-osx-font-smoothing: grayscale; @media print {
  font-family: sans-serif;
}",
                          ":link {
  color: #005ea5;
} :visited {
  color: #4c2c92;
} :hover {
  color: #2b8cc4;
} :active {
  color: #2b8cc4;
} :focus {
  color: #0b0c0c;
}",
                          "&:focus {
  outline: 3px solid #ffbf47; outline-offset: 0; background-color: #ffbf47;
}",
                          "@media print {
  &[href^=\\"/\\"], &[href^=\\"http://\\"], &[href^=\\"https://\\"] {
  &::after {
  content: \\" (\\" attr(href) \\")\\"; font-size: 90%; word-wrap: break-word;
}
}
}",
                          [Function],
                          [Function],
                          [Function],
                        ],
                      },
                      "defaultProps": Object {
                        "muted": false,
                        "noVisitedState": false,
                        "textColour": false,
                      },
                      "displayName": "styled.a",
                      "foldedComponentIds": Array [],
                      "propTypes": undefined,
                      "render": [Function],
                      "styledComponentId": "sc-bdVaJa",
                      "target": "a",
                      "toString": [Function],
                      "warnTooManyClasses": [Function],
                      "withComponent": [Function],
                    }
                  }
                  forwardedRef={null}
                  href="http://example.com"
                  muted={false}
                  noVisitedState={false}
                  textColour={false}
                >
                  <a
                    className="c4"
                    href="http://example.com"
                    muted={false}
                  >
                    Example 3
                  </a>
                </StyledComponent>
              </styled.a>
            </li>
          </StyledComponent>
        </styled.li>
      </ol>
    </StyledComponent>
  </styled.ol>
</DocumentedComponent>
`;
