// Jest Snapshot v1, https://goo.gl/fbAQLP

exports[`Styled matches wrapper snapshot: wrapper mount 1`] = `
.emotion-1 {
  margin-bottom: 20px;
}

@media only screen and (min-width:641px) {
  .emotion-1 {
    margin-bottom: 30px;
  }
}

.emotion-0 {
  box-sizing: border-box;
  display: -webkit-box;
  display: -webkit-flex;
  display: -ms-flexbox;
  display: flex;
  -webkit-flex-direction: column;
  -ms-flex-direction: column;
  flex-direction: column;
  margin-top: 30px;
  padding: 10px;
  -webkit-box-pack: justify;
  -webkit-justify-content: space-between;
  -ms-flex-pack: justify;
  justify-content: space-between;
  font-family: "nta",Arial,sans-serif;
  font-weight: 400;
  text-transform: none;
  font-size: 16px;
  line-height: 1.25;
  width: 100%;
  margin-bottom: 20px;
}

@media only screen and (min-width:641px) {
  .emotion-0 {
    font-size: 19px;
    line-height: 1.3;
    -webkit-flex-direction: row;
    -ms-flex-direction: row;
    flex-direction: row;
  }
}

@media only screen and (min-width:641px) {
  .emotion-0 {
    margin-bottom: 30px;
  }
}

<Styled(Pagination)>
  <Pagination
    className="emotion-1"
  >
    <Styled(ul)
      className="emotion-1"
    >
      <ul
        className="emotion-0"
      >
        Example
      </ul>
    </Styled(ul)>
  </Pagination>
</Styled(Pagination)>
`;
