// Jest Snapshot v1, https://goo.gl/fbAQLP

exports[`Pagination matches wrapper snapshot: wrapper mount 1`] = `
.c1 {
  box-sizing: border-box;
  display: -webkit-box;
  display: -webkit-flex;
  display: -ms-flexbox;
  display: flex;
  -webkit-flex-direction: column;
  -ms-flex-direction: column;
  flex-direction: column;
  margin-top: 30px;
  padding: 10px;
  -webkit-box-pack: justify;
  -webkit-justify-content: space-between;
  -ms-flex-pack: justify;
  justify-content: space-between;
  font-family: "nta",Arial,sans-serif;
  font-weight: 400;
  text-transform: none;
  font-size: 16px;
  line-height: 1.25;
  width: 100%;
}

.c0 {
  margin-bottom: 20px;
}

@media only screen and (min-width:641px) {
  .c1 {
    font-size: 19px;
    line-height: 1.3;
    -webkit-flex-direction: row;
    -ms-flex-direction: row;
    flex-direction: row;
  }
}

@media only screen and (min-width:641px) {
  .c0 {
    margin-bottom: 30px;
  }
}

<Styled(Pagination)>
  <StyledComponent
    forwardedComponent={
      Object {
        "$$typeof": Symbol(react.forward_ref),
        "attrs": Array [],
        "componentStyle": ComponentStyle {
          "componentId": "sc-ifAKCX",
          "isStatic": false,
          "lastClassName": "c0",
          "rules": Array [
            [Function],
          ],
        },
        "displayName": "Styled(Pagination)",
        "foldedComponentIds": Array [],
        "propTypes": Object {
          "margin": [Function],
          "mb": [Function],
          "padding": [Function],
        },
        "render": [Function],
        "styledComponentId": "sc-ifAKCX",
        "target": [Function],
        "toString": [Function],
        "warnTooManyClasses": [Function],
        "withComponent": [Function],
        Symbol(Symbol.hasInstance): [Function],
      }
    }
    forwardedRef={null}
  >
    <Pagination
      className="c0"
    >
      <styled.ul
        className="c0"
      >
        <StyledComponent
          className="c0"
          forwardedComponent={
            Object {
              "$$typeof": Symbol(react.forward_ref),
              "attrs": Array [],
              "componentStyle": ComponentStyle {
                "componentId": "sc-bxivhb",
                "isStatic": true,
                "lastClassName": "c1",
                "rules": Array [
                  "box-sizing: border-box; display: flex; flex-direction: column; margin-top: 30px; padding: 10px; justify-content: space-between; font-family: \\"nta\\", Arial, sans-serif; font-weight: 400; text-transform: none; font-size: 16px; line-height: 1.25; width: 100%; @media only screen and (min-width: 641px) {
  font-size: 19px; line-height: 1.3; flex-direction: row;
}",
                ],
              },
              "displayName": "styled.ul",
              "foldedComponentIds": Array [],
              "render": [Function],
              "styledComponentId": "sc-bxivhb",
              "target": "ul",
              "toString": [Function],
              "warnTooManyClasses": [Function],
              "withComponent": [Function],
            }
          }
          forwardedRef={null}
        >
          <ul
            className="c0 c1"
          >
            Example
          </ul>
        </StyledComponent>
      </styled.ul>
    </Pagination>
  </StyledComponent>
</Styled(Pagination)>
`;
