// Jest Snapshot v1, https://goo.gl/fbAQLP

exports[`ListNavigation matches wrapper snapshot: wrapper mount 1`] = `
.glamor-0,
[data-glamor-0] {
  font-family: "nta", Arial, sans-serif;
  font-weight: 400;
  text-transform: none;
  font-size: 14px;
  line-height: 1.1428571429;
  width: 100%;
}

.glamor-1,
[data-glamor-1] {
  margin: 0;
  padding: 0;
  padding-left: 20px;
  font-family: "nta", Arial, sans-serif;
  font-weight: 400;
  text-transform: none;
  font-size: 14px;
  line-height: 1.1428571429;
  list-style-type: square;
}

@media only screen and (min-width: 641px) {
  .glamor-0,
  [data-glamor-0] {
    font-size: 16px;
    line-height: 1.25;
    margin-bottom: 5px;
  }
}

@media only screen and (min-width: 641px) {
  .glamor-1,
  [data-glamor-1] {
    font-size: 16px;
    line-height: 1.25;
  }
}

<ListNavigation
  listStyleType="square"
>
  <UnorderedList
    listStyleType="square"
  >
    <glamorous(ul)
      listStyleType="square"
    >
      <ul
        className="glamor-1"
      >
        <ListItem>
          <glamorous(li)>
            <li
              className="glamor-0"
            >
              Example
            </li>
          </glamorous(li)>
        </ListItem>
      </ul>
    </glamorous(ul)>
  </UnorderedList>
</ListNavigation>
`;
