// Jest Snapshot v1, https://goo.gl/fbAQLP

exports[`LeadParagraph matches wrapper snapshot: wrapper mount 1`] = `
.c0 {
  color: #0b0c0c;
  font-family: "nta",Arial,sans-serif;
  -webkit-font-smoothing: antialiased;
  -moz-osx-font-smoothing: grayscale;
  font-weight: 400;
  font-size: 18px;
  line-height: 1.1111111111111112;
  margin-top: 0;
  margin-bottom: 20px;
}

@media print {
  .c0 {
    color: #000;
  }
}

@media print {
  .c0 {
    font-size: 18px;
    line-height: 1.15;
  }
}

@media only screen and (min-width:641px) {
  .c0 {
    font-size: 24px;
    line-height: 1.25;
  }
}

@media only screen and (min-width:641px) {
  .c0 {
    margin-bottom: 30px;
  }
}

<LeadParagraph>
  <p
    className="c0"
  >
    example
  </p>
</LeadParagraph>
`;
