// Jest Snapshot v1, https://goo.gl/fbAQLP

exports[`DateInput matches wrappersnapshot: wrapper mount 1`] = `
.emotion-37 {
  display: -webkit-box;
  display: -webkit-flex;
  display: -ms-flexbox;
  display: flex;
  -webkit-flex-direction: column;
  -ms-flex-direction: column;
  flex-direction: column;
  border-left: 4px solid #b10e1e;
  margin-right: 15px;
  padding-left: 10px;
}

.emotion-1 {
  font-family: "nta",Arial,sans-serif;
  -webkit-font-smoothing: antialiased;
  -moz-osx-font-smoothing: grayscale;
  display: block;
  clear: none;
  font-weight: 400;
  font-size: 16px;
  line-height: 1.25;
  color: #0b0c0c;
  padding-bottom: 2px;
}

@media only screen and (min-width:641px) {
  .emotion-1 {
    font-size: 19px;
    line-height: 1.3;
  }
}

.emotion-5 {
  display: block;
  font-family: "nta",Arial,sans-serif;
  -webkit-font-smoothing: antialiased;
  -moz-osx-font-smoothing: grayscale;
  font-weight: 700;
  text-transform: none;
  font-size: 16px;
  line-height: 1.25;
  color: #b10e1e;
  padding-top: 4px;
  padding-bottom: 2px;
}

@media only screen and (min-width:641px) {
  .emotion-5 {
    font-size: 19px;
    line-height: 1.3;
  }
}

.emotion-35 {
  font-family: "nta",Arial,sans-serif;
  display: -webkit-box;
  display: -webkit-flex;
  display: -ms-flexbox;
  display: flex;
}

.emotion-35 > label {
  width: 50px;
  margin-right: 20px;
  margin-bottom: 0;
}

.emotion-35 > label .year {
  width: 70px;
}

.emotion-14 {
  display: -webkit-box;
  display: -webkit-flex;
  display: -ms-flexbox;
  display: flex;
  -webkit-flex-direction: column;
  -ms-flex-direction: column;
  flex-direction: column;
  box-sizing: border-box;
  width: 100%;
}

.emotion-14:after {
  content: '';
  display: table;
  clear: both;
}

@media only screen and (min-width:641px) {
  .emotion-14 {
    max-width: 960px;
  }
}

.emotion-12 {
  box-sizing: border-box;
  font-family: "nta",Arial,sans-serif;
  -webkit-font-smoothing: antialiased;
  -moz-osx-font-smoothing: grayscale;
  font-weight: 400;
  text-transform: none;
  font-size: 16px;
  line-height: 1.25;
  width: 100%;
  padding: 5px 4px 4px;
  border: 2px solid #0b0c0c;
  border: 4px solid #b10e1e;
}

@media only screen and (min-width:641px) {
  .emotion-12 {
    font-size: 19px;
    line-height: 1.3;
  }
}

.emotion-12 [disabled] {
  cursor: auto;
}

.emotion-12:focus {
  outline: 3px solid #ffbf47;
  outline-offset: 0;
}

.glamor-36,
[data-glamor-36] {
  margin-bottom: 20px;
}

.glamor-0,
[data-glamor-0] {
  margin-bottom: 0;
}

@media only screen and (min-width: 641px) {
  .glamor-36,
  [data-glamor-36] {
    margin-bottom: 30px;
  }
}

@media only screen and (min-width: 641px) {
  .glamor-0,
  [data-glamor-0] {
    margin-bottom: 0;
  }
}

<glamorous(DateInput)
  errorText="example"
>
  <DateInput
    className="glamor-36"
    errorText="example"
  >
    <Styled(div)
      className="glamor-36"
      errorText="example"
    >
      <div
        className="glamor-36 glamor-37"
      >
        <glamorous(LabelText)
          errorText="example"
        >
          <LabelText
            className="glamor-0"
            errorText="example"
          >
            <Styled(span)
              className="glamor-0"
              errorText="example"
            >
              <span
                className="glamor-0 glamor-1"
              >
                example
              </span>
            </Styled(span)>
          </LabelText>
        </glamorous(LabelText)>
        <span />
        <glamorous(ErrorText)
          errorText="example"
        >
          <ErrorText
            className="glamor-0"
            errorText="example"
          >
            <Styled(span)
              className="glamor-0"
              errorText="example"
            >
              <span
                className="glamor-0 glamor-5"
              >
                example
              </span>
            </Styled(span)>
          </ErrorText>
        </glamorous(ErrorText)>
        <Styled(div)>
          <div
            className="glamor-35"
          >
            <glamorous(Label)>
              <Label
                className="glamor-0"
              >
                <Styled(label)
                  className="glamor-0"
                >
                  <label
                    className="glamor-0 glamor-14"
                  >
                    <glamorous(LabelText)>
                      <LabelText
                        className="glamor-0"
                      >
                        <Styled(span)
                          className="glamor-0"
                        >
                          <span
                            className="glamor-0 glamor-1"
                          >
                            Day
                          </span>
                        </Styled(span)>
                      </LabelText>
                    </glamorous(LabelText)>
                    <Styled(input)
                      errorText="example"
                      type="text"
                    >
                      <input
                        className="glamor-12"
                        type="text"
                      />
                    </Styled(input)>
                  </label>
                </Styled(label)>
              </Label>
            </glamorous(Label)>
            <glamorous(Label)>
              <Label
                className="glamor-0"
              >
                <Styled(label)
                  className="glamor-0"
                >
                  <label
                    className="glamor-0 glamor-14"
                  >
                    <glamorous(LabelText)>
                      <LabelText
                        className="glamor-0"
                      >
                        <Styled(span)
                          className="glamor-0"
                        >
                          <span
                            className="glamor-0 glamor-1"
                          >
                            Month
                          </span>
                        </Styled(span)>
                      </LabelText>
                    </glamorous(LabelText)>
                    <Styled(input)
                      errorText="example"
                      type="text"
                    >
                      <input
                        className="glamor-12"
                        type="text"
                      />
                    </Styled(input)>
                  </label>
                </Styled(label)>
              </Label>
            </glamorous(Label)>
            <glamorous(Label)
              className="year"
            >
              <Label
                className="glamor-0 year"
              >
                <Styled(label)
                  className="glamor-0 year"
                >
                  <label
                    className="glamor-0 year glamor-14"
                  >
                    <glamorous(LabelText)>
                      <LabelText
                        className="glamor-0"
                      >
                        <Styled(span)
                          className="glamor-0"
                        >
                          <span
                            className="glamor-0 glamor-1"
                          >
                            Year
                          </span>
                        </Styled(span)>
                      </LabelText>
                    </glamorous(LabelText)>
                    <Styled(input)
                      errorText="example"
                      type="text"
                    >
                      <input
                        className="glamor-12"
                        type="text"
                      />
                    </Styled(input)>
                  </label>
                </Styled(label)>
              </Label>
            </glamorous(Label)>
          </div>
        </Styled(div)>
      </div>
    </Styled(div)>
  </DateInput>
</glamorous(DateInput)>
`;
