// Jest Snapshot v1, https://goo.gl/fbAQLP

exports[`Header matches wrapper snapshot: wrapper mount 1`] = `
.glamor-0,
[data-glamor-0] {
  font-family: "nta", Arial, sans-serif;
  font-weight: bold;
  margin: 0;
  font-size: 32px;
  line-height: 1.09375;
  margin-bottom: 20px;
}

@media only screen and (min-width: 641px) {
  .glamor-0,
  [data-glamor-0] {
    font-size: 48px;
    line-height: 1.0416666666666667;
    margin-bottom: 30px;
  }
}

@media print {
  .glamor-0,
  [data-glamor-0] {
    font-size: 18px;
  }
}

<Header
  level={1}
>
  <glamorous(unknown)
    level={1}
  >
    <Component
      className="glamor-0"
      level={1}
    >
      <h1
        className="glamor-0"
      >
        example
      </h1>
    </Component>
  </glamorous(unknown)>
</Header>
`;
