// Jest Snapshot v1, https://goo.gl/fbAQLP

exports[`Header matches wrapper snapshot: wrapper mount 1`] = `
.emotion-1 {
  font-family: "nta",Arial,sans-serif;
  -webkit-font-smoothing: antialiased;
  -moz-osx-font-smoothing: grayscale;
  font-weight: 700;
  font-size: 32px;
  line-height: 1.09375;
  display: block;
  margin-top: 0;
  margin-bottom: 30px;
}

@media print {
  .emotion-1 {
    font-size: 32px;
    line-height: 1.15;
  }
}

@media only screen and (min-width:641px) {
  .emotion-1 {
    font-size: 48px;
    line-height: 1.0416666666666667;
  }
}

@media only screen and (min-width:641px) {
  .emotion-1 {
    margin-bottom: 50px;
  }
}

<StyledHoc
  level={1}
>
  <Header
    className="emotion-6 emotion-0"
    level={1}
  >
    <StyledHeader
      className="emotion-6 emotion-0"
      level={1}
    >
      <Component
        className="emotion-0 emotion-1 emotion-2"
        level={1}
      >
        <h1
          className="emotion-0 emotion-1 emotion-2"
        >
          example
        </h1>
      </Component>
    </StyledHeader>
  </Header>
</StyledHoc>
`;
