// Jest Snapshot v1, https://goo.gl/fbAQLP

exports[`ThemedComponent matches wrapper snapshot: wrapper mount 1`] = `
.emotion-19 {
  margin: 0;
  padding: 0;
  padding-left: 20px;
  font-family: "nta",Arial,sans-serif;
  font-weight: 400;
  text-transform: none;
  font-size: 14px;
  line-height: 1.1428571429;
}

@media only screen and (min-width:641px) {
  .emotion-19 {
    font-size: 16px;
    line-height: 1.25;
  }
}

.emotion-3 {
  font-family: "nta",Arial,sans-serif;
  font-weight: 400;
  text-transform: none;
  font-size: 14px;
  line-height: 1.1428571429;
  width: 100%;
}

@media only screen and (min-width:641px) {
  .emotion-3 {
    font-size: 16px;
    line-height: 1.25;
    margin-bottom: 5px;
  }
}

.glamor-2,
[data-glamor-2] {
  margin-bottom: 0;
}

.glamor-0,
[data-glamor-0] {
  color: #005ea5;
  padding: 3px;
  margin: -3px;
  outline-color: transparent;
  display: inline-block;
  text-decoration: underline;
}

.glamor-0:focus,
[data-glamor-0]:focus {
  background-color: #ffbf47;
  outline: 3px solid #ffbf47;
}

.glamor-0:visited,
[data-glamor-0]:visited {
  color: #2e358b;
}

@media only screen and (min-width: 641px) {
  .glamor-2,
  [data-glamor-2] {
    margin-bottom: 0;
  }
}

<glamorous(UnorderedList)>
  <UnorderedList
    className="glamor-2"
  >
    <Styled(ul)
      className="glamor-2"
    >
      <ul
        className="glamor-2 glamor-19"
      >
        <glamorous(ListItem)>
          <ListItem
            className="glamor-2"
          >
            <Styled(li)
              className="glamor-2"
            >
              <li
                className="glamor-2 glamor-3"
              >
                <glamorous(Anchor)
                  href="http://example.com"
                >
                  <Anchor
                    className="glamor-0"
                    href="http://example.com"
                  >
                    <a
                      className="glamor-0"
                      href="http://example.com"
                    >
                      Example 1
                    </a>
                  </Anchor>
                </glamorous(Anchor)>
              </li>
            </Styled(li)>
          </ListItem>
        </glamorous(ListItem)>
        <glamorous(ListItem)>
          <ListItem
            className="glamor-2"
          >
            <Styled(li)
              className="glamor-2"
            >
              <li
                className="glamor-2 glamor-3"
              >
                <glamorous(Anchor)
                  href="http://example.com"
                >
                  <Anchor
                    className="glamor-0"
                    href="http://example.com"
                  >
                    <a
                      className="glamor-0"
                      href="http://example.com"
                    >
                      Example 2
                    </a>
                  </Anchor>
                </glamorous(Anchor)>
              </li>
            </Styled(li)>
          </ListItem>
        </glamorous(ListItem)>
        <glamorous(ListItem)>
          <ListItem
            className="glamor-2"
          >
            <Styled(li)
              className="glamor-2"
            >
              <li
                className="glamor-2 glamor-3"
              >
                <glamorous(Anchor)
                  href="http://example.com"
                >
                  <Anchor
                    className="glamor-0"
                    href="http://example.com"
                  >
                    <a
                      className="glamor-0"
                      href="http://example.com"
                    >
                      Example 3
                    </a>
                  </Anchor>
                </glamorous(Anchor)>
              </li>
            </Styled(li)>
          </ListItem>
        </glamorous(ListItem)>
      </ul>
    </Styled(ul)>
  </UnorderedList>
</glamorous(UnorderedList)>
`;
