// Jest Snapshot v1, https://goo.gl/fbAQLP

exports[`Styled matches wrapper snapshot: wrapper mount 1`] = `
.emotion-15 {
  margin: 0;
  padding: 0;
  padding-left: 20px;
  font-family: "nta",Arial,sans-serif;
  font-weight: 400;
  text-transform: none;
  font-size: 14px;
  line-height: 1.1428571429;
}

@media only screen and (min-width:641px) {
  .emotion-15 {
    font-size: 16px;
    line-height: 1.25;
  }
}

.emotion-2 {
  font-family: "nta",Arial,sans-serif;
  font-weight: 400;
  text-transform: none;
  font-size: 14px;
  line-height: 1.1428571429;
  width: 100%;
}

@media only screen and (min-width:641px) {
  .emotion-2 {
    font-size: 16px;
    line-height: 1.25;
    margin-bottom: 5px;
  }
}

.emotion-0 {
  color: #005ea5;
  padding: 3px;
  margin: -3px;
  outline-color: transparent;
  display: inline-block;
  -webkit-text-decoration: underline;
  text-decoration: underline;
}

.emotion-0:focus {
  background-color: #ffbf47;
  outline: 3px solid #ffbf47;
}

.emotion-0:visited {
  color: #2e358b;
}

<Styled(UnorderedList)>
  <UnorderedList
    className="emotion-3"
  >
    <Styled(ul)
      className="emotion-3"
    >
      <ul
        className="emotion-15"
      >
        <Styled(ListItem)>
          <ListItem
            className="emotion-3"
          >
            <Styled(li)
              className="emotion-3"
            >
              <li
                className="emotion-2"
              >
                <Styled(Anchor)
                  href="http://example.com"
                >
                  <Anchor
                    className="emotion-0"
                    href="http://example.com"
                  >
                    <a
                      className="emotion-0"
                      href="http://example.com"
                    >
                      Example 1
                    </a>
                  </Anchor>
                </Styled(Anchor)>
              </li>
            </Styled(li)>
          </ListItem>
        </Styled(ListItem)>
        <Styled(ListItem)>
          <ListItem
            className="emotion-3"
          >
            <Styled(li)
              className="emotion-3"
            >
              <li
                className="emotion-2"
              >
                <Styled(Anchor)
                  href="http://example.com"
                >
                  <Anchor
                    className="emotion-0"
                    href="http://example.com"
                  >
                    <a
                      className="emotion-0"
                      href="http://example.com"
                    >
                      Example 2
                    </a>
                  </Anchor>
                </Styled(Anchor)>
              </li>
            </Styled(li)>
          </ListItem>
        </Styled(ListItem)>
        <Styled(ListItem)>
          <ListItem
            className="emotion-3"
          >
            <Styled(li)
              className="emotion-3"
            >
              <li
                className="emotion-2"
              >
                <Styled(Anchor)
                  href="http://example.com"
                >
                  <Anchor
                    className="emotion-0"
                    href="http://example.com"
                  >
                    <a
                      className="emotion-0"
                      href="http://example.com"
                    >
                      Example 3
                    </a>
                  </Anchor>
                </Styled(Anchor)>
              </li>
            </Styled(li)>
          </ListItem>
        </Styled(ListItem)>
      </ul>
    </Styled(ul)>
  </UnorderedList>
</Styled(UnorderedList)>
`;
