// Jest Snapshot v1, https://goo.gl/fbAQLP

exports[`Fieldset.Legend matches wrapper snapshot 1`] = `
.c0 {
  font-family: "nta",Arial,sans-serif;
  -webkit-font-smoothing: antialiased;
  -moz-osx-font-smoothing: grayscale;
  font-weight: 400;
  font-size: 16px;
  line-height: 1.25;
  color: #0b0c0c;
  box-sizing: border-box;
  display: table;
  max-width: 100%;
  margin-bottom: 10px;
  padding: 0;
  white-space: normal;
}

@media print {
  .c0 {
    font-size: 14px;
    line-height: 1.15;
  }
}

@media only screen and (min-width:641px) {
  .c0 {
    font-size: 19px;
    line-height: 1.3157894736842106;
  }
}

@media print {
  .c0 {
    color: #000;
  }
}

<Legend
  isPageHeading={false}
>
  <styled.legend>
    <StyledComponent
      forwardedComponent={
        Object {
          "$$typeof": Symbol(react.forward_ref),
          "attrs": Array [],
          "componentStyle": ComponentStyle {
            "componentId": "sc-bdVaJa",
            "isStatic": false,
            "lastClassName": "c0",
            "rules": Array [
              [Function],
              "font-family: \\"nta\\", Arial, sans-serif; -webkit-font-smoothing: antialiased; -moz-osx-font-smoothing: grayscale; @media print {
  font-size: 14px; line-height: 1.15;
} font-weight: 400; font-size: 16px; line-height: 1.25; @media only screen and (min-width: 641px) {
  font-size: 19px; line-height: 1.3157894736842106;
}",
              "color: #0b0c0c; @media print {
  color: #000;
}",
              "box-sizing: border-box; display: table; max-width: 100%; margin-bottom: 10px; padding: 0; white-space: normal;",
              [Function],
            ],
          },
          "displayName": "styled.legend",
          "foldedComponentIds": Array [],
          "render": [Function],
          "styledComponentId": "sc-bdVaJa",
          "target": "legend",
          "toString": [Function],
          "warnTooManyClasses": [Function],
          "withComponent": [Function],
        }
      }
      forwardedRef={null}
    >
      <legend
        className="c0"
      >
        Legend text
      </legend>
    </StyledComponent>
  </styled.legend>
</Legend>
`;
