// Jest Snapshot v1, https://goo.gl/fbAQLP

exports[`LabelText matches snapshot: enzyme.mount 1`] = `
.glamor-0,
[data-glamor-0] {
  font-family: "nta", Arial, sans-serif;
  -webkit-font-smoothing: antialiased;
  -moz-osx-font-smoothing: grayscale;
  display: block;
  clear: none;
  font-weight: 400;
  font-size: 16px;
  line-height: 1.25;
  color: #0b0c0c;
  padding-bottom: 2px;
}

@media only screen and (min-width: 641px) {
  .glamor-0,
  [data-glamor-0] {
    font-size: 19px;
    line-height: 1.31579;
  }
}

<glamorous(span)>
  <span
    className="glamor-0"
  >
    example
  </span>
</glamorous(span)>
`;
