// Jest Snapshot v1, https://goo.gl/fbAQLP

exports[`Paragraph matches wrapper snapshot 1`] = `
<Paragraph
  linkRenderer={[Function]}
  supportingText={true}
>
  <src__StyledParagraph
    allowedTypes={
      Array [
        "paragraph",
        "emphasis",
        "strong",
        "link",
        "inlineCode",
        "code",
        "text",
      ]
    }
    escapeHtml={false}
    linkRenderer={[Function]}
    renderers={
      Object {
        "link": [Function],
      }
    }
    skipHtml={true}
    source="Some basic text"
    supportingText={true}
  >
    <ReactMarkdown
      allowedTypes={
        Array [
          "paragraph",
          "emphasis",
          "strong",
          "link",
          "inlineCode",
          "code",
          "text",
        ]
      }
      astPlugins={Array []}
      className="src__StyledParagraph-dkdnni-0 iCtqav"
      escapeHtml={false}
      linkRenderer={[Function]}
      plugins={Array []}
      rawSourcePos={false}
      renderers={
        Object {
          "link": [Function],
        }
      }
      skipHtml={true}
      source="Some basic text"
      sourcePos={false}
      supportingText={true}
      transformLinkUri={[Function]}
    >
      <Root
        className="src__StyledParagraph-dkdnni-0 iCtqav"
        key="root-1-1"
      >
        <div
          className="src__StyledParagraph-dkdnni-0 iCtqav"
        >
          <p
            key="paragraph-1-1"
          >
            <TextRenderer
              key="text-1-1"
              nodeKey="text-1-1"
              value="Some basic text"
            >
              Some basic text
            </TextRenderer>
          </p>
        </div>
      </Root>
    </ReactMarkdown>
  </src__StyledParagraph>
</Paragraph>
`;
