// Jest Snapshot v1, https://goo.gl/fbAQLP

exports[`PhaseBadge matches wrapper snapshot: wrapper mount 1`] = `
.c1 {
  display: inline-block;
  margin: 0 8px 0 0;
  padding: 2px 5px;
  font-family: "nta",Arial,sans-serif;
  font-weight: 700;
  font-size: 14px;
  line-height: 1.1428571429;
  text-transform: uppercase;
  -webkit-letter-spacing: 1px;
  -moz-letter-spacing: 1px;
  -ms-letter-spacing: 1px;
  letter-spacing: 1px;
  -webkit-text-decoration: none;
  text-decoration: none;
  color: #ffffff;
  background-color: #005ea5;
  -webkit-font-mmoothing: antialiased;
  -moz-osx-font-smoothing: grayscale;
}

.c0 {
  margin-bottom: 0;
}

@media only screen and (min-width:641px) {
  .c1 {
    font-size: 16px;
    line-height: 1.25;
    padding-bottom: 0;
  }
}

@media only screen and (min-width:641px) {
  .c0 {
    margin-bottom: 0;
  }
}

<Styled(PhaseBadge)>
  <StyledComponent
    forwardedComponent={
      Object {
        "$$typeof": Symbol(react.forward_ref),
        "attrs": Array [],
        "componentStyle": ComponentStyle {
          "componentId": "sc-ifAKCX",
          "isStatic": false,
          "lastClassName": "c0",
          "rules": Array [
            [Function],
          ],
        },
        "displayName": "Styled(PhaseBadge)",
        "foldedComponentIds": Array [],
        "propTypes": Object {
          "margin": [Function],
          "mb": [Function],
          "padding": [Function],
        },
        "render": [Function],
        "styledComponentId": "sc-ifAKCX",
        "target": [Function],
        "toString": [Function],
        "warnTooManyClasses": [Function],
        "withComponent": [Function],
        Symbol(Symbol.hasInstance): [Function],
      }
    }
    forwardedRef={null}
  >
    <PhaseBadge
      className="c0"
    >
      <styled.strong
        className="c0"
      >
        <StyledComponent
          className="c0"
          forwardedComponent={
            Object {
              "$$typeof": Symbol(react.forward_ref),
              "attrs": Array [],
              "componentStyle": ComponentStyle {
                "componentId": "sc-bxivhb",
                "isStatic": true,
                "lastClassName": "c1",
                "rules": Array [
                  "display: inline-block; margin: 0 8px 0 0; padding: 2px 5px; font-family: \\"nta\\", Arial, sans-serif; font-weight: 700; font-size: 14px; line-height: 1.1428571429; text-transform: uppercase; letter-spacing: 1px; text-decoration: none; color: #ffffff; background-color: #005ea5; -webkit-font-mmoothing: antialiased; -moz-osx-font-smoothing: grayscale; @media only screen and (min-width: 641px) {
  font-size: 16px; line-height: 1.25; padding-bottom: 0;
}",
                ],
              },
              "displayName": "styled.strong",
              "foldedComponentIds": Array [],
              "render": [Function],
              "styledComponentId": "sc-bxivhb",
              "target": "strong",
              "toString": [Function],
              "warnTooManyClasses": [Function],
              "withComponent": [Function],
            }
          }
          forwardedRef={null}
        >
          <strong
            className="c0 c1"
          >
            beta
          </strong>
        </StyledComponent>
      </styled.strong>
    </PhaseBadge>
  </StyledComponent>
</Styled(PhaseBadge)>
`;
