// Jest Snapshot v1, https://goo.gl/fbAQLP

exports[`GridCol matches snapshot: enzyme.mount 1`] = `
.emotion-0 {
  margin-bottom: 15px;
  box-sizing: border-box;
}

@media only screen and (min-width:641px) {
  .emotion-0 {
    margin-right: 15px;
    margin-left: 15px;
  }

  .emotion-0:first-child {
    margin-left: 0;
  }

  .emotion-0:last-child {
    margin-right: 0;
  }
}

@media only screen and (min-width:641px) {
  .emotion-0 {
    -webkit-box-flex: 1;
    -webkit-flex-grow: 1;
    -ms-flex-positive: 1;
    flex-grow: 1;
    width: auto;
  }
}

<GridCol
  columnOneHalf={false}
  columnOneQuarter={false}
  columnOneThird={false}
  columnTwoThirds={false}
>
  <StyledColumn
    columnOneHalf={false}
    columnOneQuarter={false}
    columnOneThird={false}
    columnTwoThirds={false}
  >
    <div
      className="emotion-0 emotion-1"
    >
      example
    </div>
  </StyledColumn>
</GridCol>
`;
